=== ZYNGA POKER TRACKER ===
[2026-08-09 11:34:26] STATE = TABLE
[2026-08-09 11:34:37] STATE CHANGE : TABLE -> LOBBY
[2026-08-09 11:34:40] Bankroll lobby = 2103000607
[2026-08-09 11:34:43] STATE CHANGE : LOBBY -> TABLE
[2026-08-09 11:34:43] SESSION START | Bankroll=2103000607
[2026-08-09 11:38:11] STATE CHANGE : TABLE -> LOBBY
[2026-08-09 11:38:12] Bankroll lobby = 103000607
[2026-08-09 11:38:12] SESSION TERMINÉE | Départ=2103000607 | Fin=103000607 | Profit=-2000000000
[2026-08-09 11:38:15] STATE CHANGE : LOBBY -> TABLE
[2026-08-09 11:38:15] SESSION START | Bankroll=103000607
[2026-08-09 11:54:34] STATE CHANGE : TABLE -> LOBBY
[2026-08-09 11:54:35] Bankroll lobby = 138140607
[2026-08-09 11:54:36] SESSION TERMINÉE | Départ=103000607 | Fin=138140607 | Profit=35140000
[2026-08-09 11:54:42] STATE CHANGE : LOBBY -> TABLE
[2026-08-09 11:54:42] SESSION START | Bankroll=138140607
[2026-08-09 11:57:07] STATE CHANGE : TABLE -> LOBBY
[2026-08-09 11:57:08] Bankroll lobby = 138140607
[2026-08-09 11:57:08] SESSION TERMINÉE | Départ=138140607 | Fin=138140607 | Profit=0
[2026-08-09 11:57:09] BANKROLL = 2,292,340,607
[2026-08-09 11:57:15] STATE CHANGE : LOBBY -> TABLE
[2026-08-09 11:57:15] SESSION START | Bankroll=2292340607
[2026-08-09 11:57:20] STATE CHANGE : TABLE -> LOBBY
[2026-08-09 11:57:21] Bankroll lobby = 2316340607
[2026-08-09 11:57:21] SESSION TERMINÉE | Départ=2292340607 | Fin=2316340607 | Profit=24000000
